
> site-creator-vinext-starter@0.1.0 prebuild:local
> npm run prepare:ocr


> site-creator-vinext-starter@0.1.0 prepare:ocr
> node scripts/prepare-ocr-assets.mjs

Prepared 7 local OCR assets in public/ocr

> site-creator-vinext-starter@0.1.0 build:local
> vinext build


  vinext build  (Vite 8.0.13)

[1/5] analyze client references...
[2K
transforming...✓ 224 modules transformed.
rendering chunks...
✓ built in 1.45s
[2/5] analyze server references...
[2K
transforming...✓ 319 modules transformed.
rendering chunks...
✓ built in 2.79s
[3/5] build rsc environment...
[2K
transforming...✓ 222 modules transformed.
rendering chunks...
computing gzip size...
✓ built in 685ms
[4/5] build client environment...
[2K
transforming...✓ 383 modules transformed.
rendering chunks...
computing gzip size...
[plugin builtin:vite-reporter] 
(!) Some chunks are larger than 500 kB after minification. Consider:
- Using dynamic import() to code-split the application
- Use build.rolldownOptions.output.codeSplitting to improve chunking: https://rolldown.rs/reference/OutputOptions.codeSplitting
- Adjust chunk size limit for this warning via build.chunkSizeWarningLimit.
✓ built in 2.68s
[5/5] build ssr environment...
[2K
transforming...✓ 361 modules transformed.
rendering chunks...
computing gzip size...
[PLUGIN_TIMINGS] Your build spent significant time in plugins. Here is a breakdown:
  - vinext:css-data-url (35%)
  - vinext:og-inline-fetch-assets (11%)
  - vinext:jsx-in-js (6%)
  - vinext:validate-middleware-exports (5%)
  - vinext:middleware-server-only (5%)
See https://rolldown.rs/options/checks#plugintimings for more details.

✓ built in 3.96s
[0m
  Route (app)
  ┌ ? /                  
  ├ ? /demo              
  ├ ƒ /report-sign/:token
  └ ? /verify            

  ƒ Dynamic  ? Unknown

  ? Some routes could not be classified. vinext currently uses static analysis
    and cannot detect dynamic API usage (headers(), cookies(), etc.) at build time.
    Automatic classification will be improved in a future release.
  Build complete. Run `vinext start` to start the production server.

