
> @tomas-tech/iot-team-center-api@0.1.0 typecheck
> tsc -p tsconfig.json --noEmit


> @tomas-tech/iot-team-center-api@0.1.0 test
> node --import tsx --test tests/*.test.ts

✔ audit JSON keeps object/array payloads and envelopes scalar values for SQL ISJSON (0.9348ms)
✔ Team Test codes match the existing HMAC-SHA256 base64url contract (1.1607ms)
✔ private LAN detection accepts only RFC1918 IPv4 (3.6251ms)
✔ Windows business time zone ids are normalized for Node.js (28.1493ms)
✔ TeamTest fails closed outside staging (0.8306ms)
✔ Microsoft Graph email fails closed when confidential settings are incomplete (1.7262ms)
✔ drawing workflow uses three named project participants (1.7716ms)
✔ drawing cannot be submitted without both project approvers (0.5301ms)
✔ neither author self-approval nor combined leader-manager is permitted (0.1755ms)
✔ disabled assignment email reports recipients without making a network request (2.0492ms)
✔ Microsoft Graph assignment email deduplicates recipients, escapes HTML and reuses the access token (24.3473ms)
✔ Microsoft Graph failure does not throw after the assignment has been committed (1.0047ms)
✔ query helpers preserve the ASP.NET validation and clamping rules (1.4694ms)
✔ write helpers validate text, integer, dates and SQL row versions (2.0008ms)
✔ identifier and boolean query helpers reject ambiguous values (0.4602ms)
✔ sales catalog accepts bounded company SharePoint data (2.271ms)
✔ sales catalog rejects external links and duplicate source rows (0.8935ms)
✔ template pagination totals use the same search filter as the rows (342.6942ms)
✔ template JSON identifiers accept frontend numbers and reject invalid values before SQL (22.2599ms)
✔ work evidence scores only due assigned work and keeps suggestions advisory (13.7797ms)
✔ work evidence with sparse data does not invent a score (0.4126ms)
✔ all report types retain only reusable definitions and strip source/result/evidence data (2.8144ms)
✔ allowlist does not copy inherited fields or unknown report types (0.9776ms)
✔ template metadata accepts empty descriptions and 200-character names (0.2422ms)
✔ creator/master ownership never substitutes for report.write permission (0.1187ms)
✔ resource planning requires server-side read permission (346.2849ms)
✔ source planning requires schedule.plan AND source write permission before database mutation (13.346ms)
✔ capacity and effort inputs reject invalid amounts, dates and arbitrary table names (8.6399ms)
✔ task duration skips weekends and company holidays while effort stays independent (2.8734ms)
✔ workload distinguishes zero capacity, missing capacity, and over capacity (0.7231ms)
✔ invalid fractional duration, negative effort and malformed date are rejected (0.9503ms)
✔ replacement compares actual before and after rather than dropping the old plan (0.2864ms)
{"level":30,"time":1788635303159,"pid":30256,"hostname":"BOY-TMT","reqId":"req-1","req":{"method":"GET","url":"/health/live/","host":"localhost:80","remoteAddress":"127.0.0.1"},"msg":"incoming request"}
✔ frontend collection URLs select the same route with or without a trailing slash (225.3887ms)
{"level":30,"time":1788635303163,"pid":30256,"hostname":"BOY-TMT","reqId":"req-1","res":{"statusCode":200},"responseTime":2.888300000000072,"msg":"request completed"}
✔ sales company validation generates bounded unique codes and requires contact identity (2.1615ms)
✔ sales contact validation handles optional fields and rejects malformed values (0.8513ms)
✔ permission fallback accepts only explicit permission-denied, never auth or database failures (0.437ms)
✔ HTTP create endpoints reject read-only users before any write or actor lookup (311.961ms)
✔ Sales intake.write can reach validation without master.write; malformed site and contact writes stop before transaction (6.4538ms)
✔ placement rejects non-finite, off-page, zero-sized and unknown pages (4.0089ms)
✔ display coordinates map to PDF CropBox for every right-angle rotation (0.4446ms)
✔ PDF validation rejects changed source bytes and unsupported formats (11.6922ms)
✔ the canonical payload is order-independent and drops absent fields (0.8502ms)
✔ the chain links each event to the one before it (0.3225ms)
✔ a verification code is readable off paper and validates its own shape (0.9966ms)
✔ document classes, prefixes and revision labels are validated, not assumed (0.6238ms)
✔ signing assurance reports how presence was established, and refuses stale credentials (0.4069ms)
✔ sales intake readiness blocks missing customer-critical information (0.8978ms)
✔ site visit workflow enforces both state and permission (0.6182ms)
✔ skill match is normalized and reports missing skills (0.7642ms)
✔ report source semantics separate delivery reports and pre-sales POC (0.9158ms)
✔ customer acknowledgment requires identity, explicit consent and the correct evidence mode (0.8506ms)
✔ report JSON is bounded and optional reviewer does not invent report facts (1.1568ms)
✔ snapshot evidence hash changes when signed content changes (0.2635ms)
✔ submission requires common facts and type-specific evidence while draft parsing stays permissive (1.3298ms)
✔ complete row never hides partially completed UAT/Inspection/POC rows (0.5406ms)
✔ structured results accept only recorded PASS, FAIL or PARTIAL and every row must be complete (0.4149ms)
✔ optional repeat sections ignore fully blank placeholders but reject incomplete evidence or activities (0.3271ms)
ℹ tests 57
ℹ suites 0
ℹ pass 57
ℹ fail 0
ℹ cancelled 0
ℹ skipped 0
ℹ todo 0
ℹ duration_ms 1821.331

> @tomas-tech/iot-team-center-api@0.1.0 build
> tsc -p tsconfig.json

npm warn deprecated prebuild-install@7.1.3: No longer maintained. Please contact the author of the relevant native addon; alternatives are available.

added 168 packages, and audited 169 packages in 9s

46 packages are looking for funding
  run `npm fund` for details

found 0 vulnerabilities

Status         : UPDATED
ReleasePath    : C:\Users\natta\AppData\Local\IoTTeamCenter\TeamTest\releases\20260905-190818
ProcessId      : 7340
LocalOrigin    : http://127.0.0.1:5105
LanOrigin      : http://192.168.1.160:5105
FrontendOrigin : http://192.168.1.160:3000

